RAM Allocation [bytes]
Variable                                                                          Address   Size
------------------------------------------------------------------------------------------------
xx                                                                                0x0160      10
yy                                                                                0x016A      10
_base_y                                                                           0x0174       4

EEPROM Allocation [bytes]
Variable                                                                          Address   Size
------------------------------------------------------------------------------------------------

Register Allocation
Variable                                                                          Register  Size
------------------------------------------------------------------------------------------------
g                                                                                 R5           1
amteaz                                                                            R4           1
gaez_x                                                                            R7           1
gaez_y                                                                            R6           1
i                                                                                 R9           1
_lcd_x                                                                            R8           1
_lcd_y                                                                            R11          1
_lcd_maxx                                                                         R10          1

FLASH Allocation [words]
Function                                                                          Address   Size
------------------------------------------------------------------------------------------------
main                                                                              0x00067    215
_lcd_write_nibble_G100                                                            0x0013E     20
_lcd_write_data                                                                   0x00152     12
lcd_gotoxy                                                                        0x0015E     13
lcd_clear                                                                         0x0016B     10
lcd_putchar                                                                       0x00175     21
lcd_putsf                                                                         0x0018A     19
lcd_init                                                                          0x0019D     43
