RAM Allocation [bytes]
Variable                                                                          Address   Size
------------------------------------------------------------------------------------------------
line                                                                              0x0160      20
temp                                                                              0x0174      18
_base_y                                                                           0x0186       4
_lcd_maxx                                                                         0x018A       1

EEPROM Allocation [bytes]
Variable                                                                          Address   Size
------------------------------------------------------------------------------------------------

Register Allocation
Variable                                                                          Register  Size
------------------------------------------------------------------------------------------------
nam                                                                               R4,R5        2
t1                                                                                R6,R7        2
t2                                                                                R8,R9        2
vol                                                                               R10,R11      2
_lcd_x                                                                            R13          1
_lcd_y                                                                            R12          1

FLASH Allocation [words]
Function                                                                          Address   Size
------------------------------------------------------------------------------------------------
adc_isr                                                                           0x00086     51
main                                                                              0x000B9    115
_lcd_write_nibble_G100                                                            0x0012C     20
_lcd_write_data                                                                   0x00140     12
lcd_gotoxy                                                                        0x0014C     13
lcd_clear                                                                         0x00159     12
lcd_putchar                                                                       0x00165     23
lcd_puts                                                                          0x0017C     17
lcd_init                                                                          0x0018D     47
put_buff_G101                                                                     0x001BC     64
_print_G101                                                                       0x001FC    308
sprintf                                                                           0x00330     52
strlen                                                                            0x00364     12
strlenf                                                                           0x00370     13
