RAM Allocation [bytes]
Variable                                                                          Address   Size
------------------------------------------------------------------------------------------------
adc_data                                                                          0x0160       4
line                                                                              0x0164      20
input_index                                                                       0x0178       1
_base_y                                                                           0x0179       4

EEPROM Allocation [bytes]
Variable                                                                          Address   Size
------------------------------------------------------------------------------------------------

Register Allocation
Variable                                                                          Register  Size
------------------------------------------------------------------------------------------------
t1                                                                                R4,R5        2
t2                                                                                R6,R7        2
akh                                                                               R8,R9        2
ste                                                                               R2.0      1bit
_lcd_x                                                                            R11          1
_lcd_y                                                                            R10          1
_lcd_maxx                                                                         R13          1

FLASH Allocation [words]
Function                                                                          Address   Size
------------------------------------------------------------------------------------------------
adc_isr                                                                           0x0007E     45
main                                                                              0x000AB    150
_lcd_write_nibble_G100                                                            0x00141     20
_lcd_write_data                                                                   0x00155     12
lcd_gotoxy                                                                        0x00161     13
lcd_clear                                                                         0x0016E     12
lcd_putchar                                                                       0x0017A     21
lcd_puts                                                                          0x0018F     15
lcd_putsf                                                                         0x0019E     19
lcd_init                                                                          0x001B1     46
put_buff_G101                                                                     0x001DF     64
_print_G101                                                                       0x0021F    308
sprintf                                                                           0x00353     52
strlen                                                                            0x00387     12
strlenf                                                                           0x00393     13
